// Jest Snapshot v1, https://goo.gl/fbAQLP

exports[`Test RPSButton should match the snapshot 1`] = `
<DocumentFragment>
  <button />
</DocumentFragment>
`;
