// Jest Snapshot v1, https://goo.gl/fbAQLP

exports[`Test Body should match the snapshot 1`] = `
<DocumentFragment>
  <div
    data-testid="title-component"
  />
</DocumentFragment>
`;
